3392859649059161064694767865879256597647967887722361255098186108366446670908841085386098959146584226843733633526795390912487530894527269847210841309884163555328
