4 2 12 12 9 10 9 0 2 3 0 1 3 2 0 0 
6 5 1 2 10 8 13 12 16 7 15 4 11 3 9 14 