9590188586878458432805863571082639425933810642796193513472
