86
187 218 250 251 282 313 344 375 406 437 468 499 530 561 592 593 594 625 656 687 688 689 690 691 692 723 754 785 786 787 818 849 880 881 913 914 945 946 977 1008 1039 1040 1071 1102 1133 1134 1165 1196 1227 1258 1289 1320 1351 1382 1383 1384 1415 1446 1477 1509 1510 1541 1572 1603 1634 1665 1666 1697 1728 1729 1760 1791 1792 1823 1854 1885 1916 1947 1948 1979 2010 2011 2012 2013 2014 2015
