319658775
933671444
744594212
1
490163023
216229320
78980187
203827364
1
250000010
