10
2522516751037885035.0
-81472377 -870186235
474260627 -767880866
869818637 -490628664
948169952 203998100
201643231 974850583
-196922876 959540587
-469707488 792072578
-947813030 144988518
-981285526 50413660
-665603731 -598627767
