82
421 422 423 465 507 550 551 593 635 636 678 720 762 804 847 889 890 932 974 1017 1018 1019 1020 1062 1063 1105 1106 1107 1108 1150 1192 1234 1235 1277 1319 1361 1403 1445 1446 1447 1489 1531 1532 1574 1575 1576 1618 1660 1702 1744 1745 1746 1747 1789 1831 1874 1875 1876 1877 1919 1920 1962 2005 2006 2048 2049 2050 2051 2052 2094 2095 2137 2179 2221 2263 2305 2306 2307 2308 2309 2310 2352
