643768903
330217216
520357710
763714505
939863083
1
384757279
560447084
1
603125018
