9
1491946682347188636.0
-269513831 -852373565
688703938 -626920036
845035621 -333900333
310326053 248479268
48151453 469245091
-558443374 600822518
-840629996 423982940
-592483671 -240006323
-333948812 -817736507
