317297998
549352383
324556120
40107981
226219487
744105948
