835521 506059 571756 634977 789159 700567 404949 683194 806742 538448 654298 281528 515020 703446 617737 806841 54912 565759 517629 390862 778282 889783 809891 821720 555350 770382 85917 90441 486469 837883 603602 606130 312025 855315 565844 907896 935106 534169 583778 523925 607910 527640 538613 584795 325763 506100 816107 321868 50701 916148 691105 115139 81958 979693 59753 576524 208216 52557 557486 984410 518130 816585 825875 368719 242064 686220 88520 982109 703929 591312 590878 928523 496151 583691 96104 779485 654044 296967 610537 517622 503897 511842 5618 633919 574121 543583 152684 476985 757123 588424 49236 642640 57123 632411 907865 496145 781356 516986 760703 53692 9164 519120 