9
1917393925731780073.0
381799806 -774050499
757710132 -584495863
685496490 650572746
161779369 909292036
-244492605 782577390
-713931631 360579831
-867971840 86995547
-426497448 -494572279
-249003715 -561004506
