375590715
1
1
9143837
516601732
297630164
366250727
860208029
76578170
794293046
