117
755 830 831 832 833 908 983 1059 1135 1210 1285 1286 1361 1436 1511 1586 1587 1663 1738 1813 1889 1965 2040 2115 2116 2192 2193 2194 2195 2270 2345 2421 2496 2572 2648 2723 2799 2800 2801 2876 2951 2952 3027 3028 3104 3180 3181 3182 3183 3184 3185 3260 3335 3410 3411 3412 3413 3414 3489 3490 3491 3566 3567 3568 3644 3645 3721 3722 3797 3798 3799 3800 3801 3802 3877 3952 4027 4102 4103 4104 4105 4106 4182 4183 4184 4185 4260 4261 4337 4412 4487 4488 4489 4565 4566 4641 4642 4643 4644 4645 4720 4795 4870 4946 5021 5022 5023 5024 5025 5100 5175 5250 5325 5400 5475 5550 5625
