342482062
520808202
973634817
301744938
225914883
34489344
948440622
524582659
72518538
603125018
