3
499996124002292007.5
0 0
999992893 0
0 999999355
