23612699
453433974
385643908
540536468
1
456925082
664743921
466054833
13247329
603125018
