636636588
164203757
322999711
358149157
268783788
602587431
783793485
357792501
673213430
603125018
