9
1763570817810231363.5
242297716 -745997365
730893531 -529778575
861942442 -248603300
938110721 -41695914
687282110 263862376
467002257 527531323
284346790 650611284
-767039364 614452844
-772360178 -241906072
