943791147
633693081
1
1
985782597
282507539
290614100
530280167
3608800
603125018
