1
246097975
574778829
251358439
66860182
427388404
135009659
669910708
366886059
250000010
