522652829
866346683
543612688
150756053
482480115
497968957
1
1
829558506
794293046
