5079 26447 4320 25576 11825 19919 3759 18140 6038 21738 1379 22645 9480 777 6799 1198 10278 7795 1619 27231 26616 13012 14262 143 11505 12510 1411 212 24762 6881 7265 4354 741 24977 4002 1020 17457 22336 12536 6181 16660 7069 26192 3171 16234 22279 18644 27094 14486 15825 