7
2041675310463978322.0
-447008692 -847428536
459625085 -561042337
837457656 12877333
810248017 519102387
290540536 900058770
-541338540 783521403
-769021406 48416971
