40 36 43 10 7 22 25 30 16 17 3 42 32 13 19 21 8 2 1 6 31 23 4 20 18 38 5 41 24 9 33 37 34 27 15 14 35 12 29 39 11 28 44 26 