720700168
116193287
1
839564143
125342207
83336910
411959210
18015692
625867684
250000010
