7543 22979 10946 27143 25600 8729 38394 45749 15406 35286 8023 8024 34132 25453 29140 8730 8731 47243 47244 28377 44486 25273 31244 26787 3401 28204 44727 44728 44729 9126 43872 31805 31806 34559 