104
1 1 2 2 3 3 4 4 4 4 5 5 5 6 6 6 7 7 7 8 8 8 9 9 9 10 10 10 11 11 11 11 11 12 12 13 14 17 17 17 17 17 19 19 19 19 19 20 21 21 22 22 22 22 23 23 24 24 24 24 25 25 25 27 28 28 30 30 32 32 32 33 33 34 34 34 36 37 37 39 39 40 41 41 42 44 45 48 48 49 52 59 60 66 68 70 71 80 86 98 99 107 49441 147834 