2 71 27 56 21 54 45 40 59 31 35 17 75 4 43 60 34 64 69 53 20 42 51 73 8 77 19 38 15 49 81 36 50 48 30 62 14 13 32 79 80 41 11 5 72 16 7 68 22 47 26 55 23 46 10 58 44 29 67 18 65 6 37 70 39 63 9 25 52 12 78 66 74 61 57 24 76 3 33 28 1 