24493351568586536418529484563586470900989564583911317534942620819331450538403619344759255159664300011814912
