1
669899050
1
1
190727108
1
956607363
11170438
1
603125018
