47 7 39 45 16 24 8 34 16 18 30 4 4 24 35 34 34 19 8 17 16 12 3 17 15 21 15 9 6 18 9 7 9 14 10 15 13 12 6 8 3 6 2 8 0 5 2 2 3 2 0 0 
48 6 19 16 9 23 30 20 14 18 35 15 7 32 51 28 29 4 5 46 21 43 39 34 2 17 22 47 45 42 24 52 50 25 40 31 27 11 1 13 33 44 12 26 36 3 41 8 37 38 49 10 