1
1
1
1
1
161628778
371897365
263991094
10554479
250000010
