520
385
468
667
815
308
100
576
653
780
891
451
886
82
773
726
857
161
160
541
616
928
518
244
578
573
1104
1045
856
808
903
977
235
156
1166
721
502
1101
316
1078
70
713
574
885
1156
145
694
1309
388
870
633
766
945
757
1032
899
1106
1259
1026
973
894
876
1246
844
953
1086
717
1046
941
930
840
