9
2255862725240499248.5
-408012646 -839986617
528041641 -752696766
770546226 -458095748
924944664 -124983155
602959392 716001944
176419222 729877562
-855834890 467021311
-900023917 33696135
-889817233 -341897897
