282814467
283952575
1
110432082
1
86982636
241742647
679250620
1
250000010
