742807359
118980687
152810217
98569470
809875720
762692506
312758761
468454631
315326842
794293046
