927291 360769 159139 998910 453843 966136 243844 883874 913624 322531 993026 274198 995131 326021 288475 606194 980801 827186 846507 994504 536871 368494 625461 526755 541506 18133 182240 400728 976709 24903 346210 44872 205620 352442 51432 969896 618801 370744 887563 577082 298435 522675 914548 381693 392373 980337 872735 80775 195957 256030 533719 73761 881851 292215 962773 961650 819515 311385 392161 853362 636430 198753 208628 491184 286575 981704 340749 968210 322579 373896 718366 499256 915522 997836 429683 945511 253584 271678 358240 979900 