12
24801.5
47 -83
85 -31
96 -7
90 36
80 55
53 84
31 90
-20 96
-83 35
-81 -24
-69 -52
-18 -82
