17 7 12 2 19 26 9 20 3 16 14 11 25 8 6 5 22 18 1 13 10 27 21 23 15 4 24 