220086714
116399599
241112650
167132935
333258399
539410086
91003147
460299751
54051218
603125018
