385959887
354152299
9741346
407690875
379908614
609851134
160158682
67439987
120809831
603125018
