124464870
597838831
1
399689819
984473094
407871099
419087183
394254842
458071762
794293046
