304061367
281796614
1
495286788
1
404248773
339242564
45423652
572993889
250000010
