10598 4818 45848 39964 3074 38556 54685 75389 35455 36590 13040 67789 64020 90394 18285 8449 97519 58320 82182 5853 75464 35095 19161 44355 47851 5117 63359 94596 21562 22879 81883 65214 40133 99919 93635 75741 25294 1141 96686 55436 63510 66975 776 14195 47180 6893 95436 36266 54053 18457 36770 95783 66124 86581 60911 7864 310 91628 55855 52051 