12
2573102656154866077.5
288924871 -942670028
861346898 -465999578
936607380 -33152398
848650149 388258260
821885302 461254698
666119989 667264818
515739465 766520447
-593324636 738167233
-745226138 615665616
-905460896 -62196411
-836302900 -445379496
-505539879 -855338959
