11
2407670.5
-218 -966
228 -919
871 -319
933 -45
923 272
755 497
184 926
-647 730
-712 360
-701 -559
-406 -862
