12
2074922593236411393.0
299159464 -886616834
793236079 -125255822
895226042 42511346
916116984 100968829
530713143 564855777
105753379 760990623
-693230286 695376314
-720453141 411681703
-759077823 -240379953
-752931706 -538923583
-681523308 -658360993
-76120058 -818268812
