318627 286277 36634 300837 969587 417271 479848 93594 998932 238661 476025 238542 970269 565095 679808 563625 351320 106365 963265 217612 519007 290694 14361 460479 300729 57780 282657 203266 206134 970137 525291 259802 79725 39649 157742 59446 261366 131389 202135 649 145685 233858 343314 294037 549059 591910 317505 103752 570083 586980 245528 156656 377535 320448 247115 407699 319814 242001 957708 77483 65235 35474 305192 176440 370610 196959 974852 134875 375440 165574 994995 330492 298238 516243 956355 964465 12523 307484 217899 484471 11112 47004 6792 437264 511190 387855 31696 963561 325653 70550 15975 927931 44584 998272 342492 949376 271644 187172 19578 376374 307089 414789 952708 37405 855377 533063 571258 932638 566713 63547 457471 167659 111659 108759 576628 15402 233976 319276 941939 251920 784606 831232 217084 789262 65688 172530 303634 934436 118090 994424 335645 289851 702787 96882 45586 85253 