1
1
272406586
336080083
45997000
1
378910283
248279483
361840095
250000010
